============================= test session starts =============================
platform win32 -- Python 3.11.9, pytest-9.0.2, pluggy-1.6.0
rootdir: F:\DD\backend
plugins: anyio-3.7.1, langsmith-0.4.56, asyncio-1.3.0, cov-7.0.0
asyncio: mode=Mode.STRICT, debug=False, asyncio_default_fixture_loop_scope=None, asyncio_default_test_loop_scope=function
collected 0 items / 1 error

=================================== ERRORS ====================================
___________________ ERROR collecting tests/test_voice_ws.py ___________________
ImportError while importing test module 'F:\DD\backend\tests\test_voice_ws.py'.
Hint: make sure your test modules/packages have valid Python names.
Traceback:
C:\Users\DeniOne\AppData\Local\Programs\Python\Python311\Lib\importlib\__init__.py:126: in import_module
    return _bootstrap._gcd_import(name[level:], package, level)
           ^^^^^^^^^^^^^^^^^^^^^^^^^^^^^^^^^^^^^^^^^^^^^^^^^^^^
tests\test_voice_ws.py:4: in <module>
    from main import app
E   ModuleNotFoundError: No module named 'main'
=========================== short test summary info ===========================
ERROR tests/test_voice_ws.py
!!!!!!!!!!!!!!!!!!! Interrupted: 1 error during collection !!!!!!!!!!!!!!!!!!!!
============================== 1 error in 3.21s ===============================
